Archive member included to satisfy reference by file (symbol)

c:/program files (x86)/atmel/studio/7.0/toolchain/avr8/avr8-gnu-toolchain/bin/../lib/gcc/avr/5.4.0/avr51\libgcc.a(_exit.o)
                              C:/Program Files (x86)/Atmel/Studio/7.0/Packs/atmel/ATmega_DFP/1.3.300/gcc/dev/at90usb1287/avr51/crtat90usb1287.o (exit)
c:/program files (x86)/atmel/studio/7.0/toolchain/avr8/avr8-gnu-toolchain/bin/../lib/gcc/avr/5.4.0/avr51\libgcc.a(_copy_data.o)
                              Lib/mmc_avr_spi.o (__do_copy_data)
c:/program files (x86)/atmel/studio/7.0/toolchain/avr8/avr8-gnu-toolchain/bin/../lib/gcc/avr/5.4.0/avr51\libgcc.a(_clear_bss.o)
                              Lib/mmc_avr_spi.o (__do_clear_bss)
c:/program files (x86)/atmel/studio/7.0/toolchain/avr8/avr8-gnu-toolchain/bin/../lib/gcc/avr/5.4.0/avr51\libgcc.a(_umulhisi3.o)
                              Lib/mmc_avr_spi.o (__umulhisi3)
c:/program files (x86)/atmel/studio/7.0/toolchain/avr8/avr8-gnu-toolchain/bin/../lib/gcc/avr/5.4.0/../../../../avr/lib/avr51\libc.a(memcpy_P.o)
                              src/LUFA/LUFA/Drivers/USB/Class/Device/RNDISClassDevice.o (memcpy_P)
c:/program files (x86)/atmel/studio/7.0/toolchain/avr8/avr8-gnu-toolchain/bin/../lib/gcc/avr/5.4.0/../../../../avr/lib/avr51\libc.a(strlen_P.o)
                              src/LUFA/LUFA/Drivers/USB/Class/Device/CDCClassDevice.o (__strlen_P)
c:/program files (x86)/atmel/studio/7.0/toolchain/avr8/avr8-gnu-toolchain/bin/../lib/gcc/avr/5.4.0/../../../../avr/lib/avr51\libc.a(memcmp.o)
                              src/LUFA/LUFA/Drivers/USB/Class/Device/HIDClassDevice.o (memcmp)
c:/program files (x86)/atmel/studio/7.0/toolchain/avr8/avr8-gnu-toolchain/bin/../lib/gcc/avr/5.4.0/../../../../avr/lib/avr51\libc.a(memcpy.o)
                              src/LUFA/LUFA/Drivers/USB/Class/Device/HIDClassDevice.o (memcpy)
c:/program files (x86)/atmel/studio/7.0/toolchain/avr8/avr8-gnu-toolchain/bin/../lib/gcc/avr/5.4.0/../../../../avr/lib/avr51\libc.a(memset.o)
                              src/LUFA/LUFA/Drivers/USB/Class/Device/HIDClassDevice.o (memset)
c:/program files (x86)/atmel/studio/7.0/toolchain/avr8/avr8-gnu-toolchain/bin/../lib/gcc/avr/5.4.0/../../../../avr/lib/avr51\libc.a(iob.o)
                              src/LUFA/LUFA/Drivers/Peripheral/AVR8/Serial_AVR8.o (__iob)
c:/program files (x86)/atmel/studio/7.0/toolchain/avr8/avr8-gnu-toolchain/bin/../lib/gcc/avr/5.4.0/../../../../avr/lib/avr51\libc.a(printf_p.o)
                              Lib/SDCardManager.o (printf_P)
c:/program files (x86)/atmel/studio/7.0/toolchain/avr8/avr8-gnu-toolchain/bin/../lib/gcc/avr/5.4.0/../../../../avr/lib/avr51\libc.a(puts.o)
                              MassStorageKeyboard.o (puts)
c:/program files (x86)/atmel/studio/7.0/toolchain/avr8/avr8-gnu-toolchain/bin/../lib/gcc/avr/5.4.0/../../../../avr/lib/avr51\libc.a(vfprintf_std.o)
                              c:/program files (x86)/atmel/studio/7.0/toolchain/avr8/avr8-gnu-toolchain/bin/../lib/gcc/avr/5.4.0/../../../../avr/lib/avr51\libc.a(printf_p.o) (vfprintf)
c:/program files (x86)/atmel/studio/7.0/toolchain/avr8/avr8-gnu-toolchain/bin/../lib/gcc/avr/5.4.0/../../../../avr/lib/avr51\libc.a(strnlen_P.o)
                              c:/program files (x86)/atmel/studio/7.0/toolchain/avr8/avr8-gnu-toolchain/bin/../lib/gcc/avr/5.4.0/../../../../avr/lib/avr51\libc.a(vfprintf_std.o) (strnlen_P)
c:/program files (x86)/atmel/studio/7.0/toolchain/avr8/avr8-gnu-toolchain/bin/../lib/gcc/avr/5.4.0/../../../../avr/lib/avr51\libc.a(strnlen.o)
                              c:/program files (x86)/atmel/studio/7.0/toolchain/avr8/avr8-gnu-toolchain/bin/../lib/gcc/avr/5.4.0/../../../../avr/lib/avr51\libc.a(vfprintf_std.o) (strnlen)
c:/program files (x86)/atmel/studio/7.0/toolchain/avr8/avr8-gnu-toolchain/bin/../lib/gcc/avr/5.4.0/../../../../avr/lib/avr51\libc.a(fputc.o)
                              c:/program files (x86)/atmel/studio/7.0/toolchain/avr8/avr8-gnu-toolchain/bin/../lib/gcc/avr/5.4.0/../../../../avr/lib/avr51\libc.a(vfprintf_std.o) (fputc)
c:/program files (x86)/atmel/studio/7.0/toolchain/avr8/avr8-gnu-toolchain/bin/../lib/gcc/avr/5.4.0/../../../../avr/lib/avr51\libc.a(ultoa_invert.o)
                              c:/program files (x86)/atmel/studio/7.0/toolchain/avr8/avr8-gnu-toolchain/bin/../lib/gcc/avr/5.4.0/../../../../avr/lib/avr51\libc.a(vfprintf_std.o) (__ultoa_invert)
C:/Program Files (x86)/Atmel/Studio/7.0/Packs/atmel/ATmega_DFP/1.3.300/gcc/dev/at90usb1287/avr51\libat90usb1287.a(eerd_byte.o)
                              src/LUFA/LUFA/Drivers/USB/Core/AVR8/EndpointStream_AVR8.o (eeprom_read_byte)
C:/Program Files (x86)/Atmel/Studio/7.0/Packs/atmel/ATmega_DFP/1.3.300/gcc/dev/at90usb1287/avr51\libat90usb1287.a(eeupd_byte.o)
                              src/LUFA/LUFA/Drivers/USB/Core/AVR8/EndpointStream_AVR8.o (eeprom_update_byte)

Allocating common symbols
Common symbol       size              file

[...]
Memory Configuration

Name             Origin             Length             Attributes
text             0x00000000         0x00020000         xr
data             0x00800100         0x0000ff00         rw !x
eeprom           0x00810000         0x00010000         rw !x
fuse             0x00820000         0x00000003         rw !x
lock             0x00830000         0x00000400         rw !x
signature        0x00840000         0x00000400         rw !x
user_signatures  0x00850000         0x00000400         rw !x
*default*        0x00000000         0xffffffff

Linker script and memory map

Address of section .data set to 0x800100
LOAD C:/Program Files (x86)/Atmel/Studio/7.0/Packs/atmel/ATmega_DFP/1.3.300/gcc/dev/at90usb1287/avr51/crtat90usb1287.o
LOAD Descriptors.o
LOAD Lib/diskio.o
LOAD Lib/mmc_avr_spi.o
LOAD Lib/SCSI.o
LOAD Lib/SDCardManager.o
LOAD MassStorageKeyboard.o
LOAD src/LUFA/LUFA/Drivers/Peripheral/AVR8/Serial_AVR8.o
LOAD src/LUFA/LUFA/Drivers/USB/Class/Common/HIDParser.o
LOAD src/LUFA/LUFA/Drivers/USB/Class/Device/AudioClassDevice.o
LOAD src/LUFA/LUFA/Drivers/USB/Class/Device/CDCClassDevice.o
LOAD src/LUFA/LUFA/Drivers/USB/Class/Device/HIDClassDevice.o
LOAD src/LUFA/LUFA/Drivers/USB/Class/Device/MassStorageClassDevice.o
LOAD src/LUFA/LUFA/Drivers/USB/Class/Device/MIDIClassDevice.o
LOAD src/LUFA/LUFA/Drivers/USB/Class/Device/PrinterClassDevice.o
LOAD src/LUFA/LUFA/Drivers/USB/Class/Device/RNDISClassDevice.o
LOAD src/LUFA/LUFA/Drivers/USB/Class/Host/AndroidAccessoryClassHost.o
LOAD src/LUFA/LUFA/Drivers/USB/Class/Host/AudioClassHost.o
LOAD src/LUFA/LUFA/Drivers/USB/Class/Host/CDCClassHost.o
LOAD src/LUFA/LUFA/Drivers/USB/Class/Host/HIDClassHost.o
LOAD src/LUFA/LUFA/Drivers/USB/Class/Host/MassStorageClassHost.o
LOAD src/LUFA/LUFA/Drivers/USB/Class/Host/MIDIClassHost.o
LOAD src/LUFA/LUFA/Drivers/USB/Class/Host/PrinterClassHost.o
LOAD src/LUFA/LUFA/Drivers/USB/Class/Host/RNDISClassHost.o
LOAD src/LUFA/LUFA/Drivers/USB/Class/Host/StillImageClassHost.o
LOAD src/LUFA/LUFA/Drivers/USB/Core/AVR8/Device_AVR8.o
LOAD src/LUFA/LUFA/Drivers/USB/Core/AVR8/EndpointStream_AVR8.o
LOAD src/LUFA/LUFA/Drivers/USB/Core/AVR8/Endpoint_AVR8.o
LOAD src/LUFA/LUFA/Drivers/USB/Core/AVR8/Host_AVR8.o
LOAD src/LUFA/LUFA/Drivers/USB/Core/AVR8/PipeStream_AVR8.o
LOAD src/LUFA/LUFA/Drivers/USB/Core/AVR8/Pipe_AVR8.o
LOAD src/LUFA/LUFA/Drivers/USB/Core/AVR8/Template/Template_Endpoint_Control_R.o
LOAD src/LUFA/LUFA/Drivers/USB/Core/AVR8/Template/Template_Endpoint_Control_W.o
LOAD src/LUFA/LUFA/Drivers/USB/Core/AVR8/Template/Template_Endpoint_RW.o
LOAD src/LUFA/LUFA/Drivers/USB/Core/AVR8/Template/Template_Pipe_RW.o
LOAD src/LUFA/LUFA/Drivers/USB/Core/AVR8/USBController_AVR8.o
LOAD src/LUFA/LUFA/Drivers/USB/Core/AVR8/USBInterrupt_AVR8.o
LOAD src/LUFA/LUFA/Drivers/USB/Core/ConfigDescriptors.o
LOAD src/LUFA/LUFA/Drivers/USB/Core/DeviceStandardReq.o
LOAD src/LUFA/LUFA/Drivers/USB/Core/Events.o
LOAD src/LUFA/LUFA/Drivers/USB/Core/HostStandardReq.o
LOAD src/LUFA/LUFA/Drivers/USB/Core/USBTask.o
START GROUP
LOAD c:/program files (x86)/atmel/studio/7.0/toolchain/avr8/avr8-gnu-toolchain/bin/../lib/gcc/avr/5.4.0/../../../../avr/lib/avr51\libm.a
END GROUP
START GROUP
LOAD c:/program files (x86)/atmel/studio/7.0/toolchain/avr8/avr8-gnu-toolchain/bin/../lib/gcc/avr/5.4.0/avr51\libgcc.a
LOAD c:/program files (x86)/atmel/studio/7.0/toolchain/avr8/avr8-gnu-toolchain/bin/../lib/gcc/avr/5.4.0/../../../../avr/lib/avr51\libm.a
LOAD c:/program files (x86)/atmel/studio/7.0/toolchain/avr8/avr8-gnu-toolchain/bin/../lib/gcc/avr/5.4.0/../../../../avr/lib/avr51\libc.a
LOAD C:/Program Files (x86)/Atmel/Studio/7.0/Packs/atmel/ATmega_DFP/1.3.300/gcc/dev/at90usb1287/avr51\libat90usb1287.a
END GROUP
                0x00000000                __TEXT_REGION_ORIGIN__ = DEFINED (__TEXT_REGION_ORIGIN__)?__TEXT_REGION_ORIGIN__:0x0
                0x00800100                __DATA_REGION_ORIGIN__ = DEFINED (__DATA_REGION_ORIGIN__)?__DATA_REGION_ORIGIN__:0x800100
                0x00020000                __TEXT_REGION_LENGTH__ = DEFINED (__TEXT_REGION_LENGTH__)?__TEXT_REGION_LENGTH__:0x20000
                0x0000ff00                __DATA_REGION_LENGTH__ = DEFINED (__DATA_REGION_LENGTH__)?__DATA_REGION_LENGTH__:0xff00
                0x00010000                __EEPROM_REGION_LENGTH__ = DEFINED (__EEPROM_REGION_LENGTH__)?__EEPROM_REGION_LENGTH__:0x10000
                [0x00000003]                __FUSE_REGION_LENGTH__ = DEFINED (__FUSE_REGION_LENGTH__)?__FUSE_REGION_LENGTH__:0x400
                0x00000400                __LOCK_REGION_LENGTH__ = DEFINED (__LOCK_REGION_LENGTH__)?__LOCK_REGION_LENGTH__:0x400
                0x00000400                __SIGNATURE_REGION_LENGTH__ = DEFINED (__SIGNATURE_REGION_LENGTH__)?__SIGNATURE_REGION_LENGTH__:0x400
                0x00000400                __USER_SIGNATURE_REGION_LENGTH__ = DEFINED (__USER_SIGNATURE_REGION_LENGTH__)?__USER_SIGNATURE_REGION_LENGTH__:0x400

.hash
 *(.hash)

.dynsym
 *(.dynsym)

.dynstr
 *(.dynstr)

.gnu.version
 *(.gnu.version)

.gnu.version_d
 *(.gnu.version_d)

.gnu.version_r
 *(.gnu.version_r)

.rel.init
 *(.rel.init)

.rela.init
 *(.rela.init)

.rel.text
 *(.rel.text)
 *(.rel.text.*)
 *(.rel.gnu.linkonce.t*)

.rela.text
 *(.rela.text)
 *(.rela.text.*)
 *(.rela.gnu.linkonce.t*)

.rel.fini
 *(.rel.fini)

.rela.fini
 *(.rela.fini)

.rel.rodata
 *(.rel.rodata)
 *(.rel.rodata.*)
 *(.rel.gnu.linkonce.r*)

.rela.rodata
 *(.rela.rodata)
 *(.rela.rodata.*)
 *(.rela.gnu.linkonce.r*)

.rel.data
 *(.rel.data)
 *(.rel.data.*)
 *(.rel.gnu.linkonce.d*)

.rela.data
 *(.rela.data)
 *(.rela.data.*)
 *(.rela.gnu.linkonce.d*)

.rel.ctors
 *(.rel.ctors)

.rela.ctors
 *(.rela.ctors)

.rel.dtors
 *(.rel.dtors)

.rela.dtors
 *(.rela.dtors)

.rel.got
 *(.rel.got)

.rela.got
 *(.rela.got)

.rel.bss
 *(.rel.bss)

.rela.bss
 *(.rela.bss)

.rel.plt
 *(.rel.plt)

.rela.plt
 *(.rela.plt)

.text           0x00000000     0x35a2
 *(.vectors)
 .vectors       0x00000000       0x98 C:/Program Files (x86)/Atmel/Studio/7.0/Packs/atmel/ATmega_DFP/1.3.300/gcc/dev/at90usb1287/avr51/crtat90usb1287.o
                0x00000000                __vector_default
                0x00000000                __vectors
 *(.vectors)
 *(.progmem.gcc*)
                0x00000098                . = ALIGN (0x2)
                0x00000098                __trampolines_start = .
 *(.trampolines)
 .trampolines   0x00000098        0x0 linker stubs
 *(.trampolines*)
                0x00000098                __trampolines_end = .
 *libprintf_flt.a:*(.progmem.data)
 *libc.a:*(.progmem.data)
 *(.progmem*)
 .progmem.data.ProductString
                0x00000098       0x4a Descriptors.o
                0x00000098                ProductString
 .progmem.data.ManufacturerString
                0x000000e2       0x1a Descriptors.o
                0x000000e2                ManufacturerString
 .progmem.data.LanguageString
                0x000000fc        0x4 Descriptors.o
                0x000000fc                LanguageString
 .progmem.data.ConfigurationDescriptor
                0x00000100       0x39 Descriptors.o
                0x00000100                ConfigurationDescriptor
 .progmem.data.DeviceDescriptor
                0x00000139       0x12 Descriptors.o
                0x00000139                DeviceDescriptor
 .progmem.data.KeyboardReport
                0x0000014b       0x40 Descriptors.o
                0x0000014b                KeyboardReport
 .progmem.data.__c.4537
                0x0000018b        0xb Lib/SDCardManager.o
 .progmem.data.__c.4517
                0x00000196        0xb Lib/SDCardManager.o
 .progmem.data.__c.4503
                0x000001a1       0x11 Lib/SDCardManager.o
 .progmem.data.__c.4497
                0x000001b2       0x1a Lib/SDCardManager.o
 .progmem.data.__c.4493
                0x000001cc       0x1d Lib/SDCardManager.o
 .progmem.data.__c.4491
                0x000001e9        0x5 Lib/SDCardManager.o
 .progmem.data.__c.4522
                0x000001ee        0x8 MassStorageKeyboard.o
 .progmem.data.__c.4516
                0x000001f6        0xd MassStorageKeyboard.o
 .progmem.data.__c.4511
                0x00000203        0xa MassStorageKeyboard.o
 .progmem.data.__c.4506
                0x0000020d      0x139 MassStorageKeyboard.o
                0x00000346                . = ALIGN (0x2)
 *(.jumptables)
 *(.jumptables*)
 *(.lowtext)
 *(.lowtext*)
                0x00000346                __ctors_start = .
 *(.ctors)
                0x00000346                __ctors_end = .
                0x00000346                __dtors_start = .
 *(.dtors)
                0x00000346                __dtors_end = .
 SORT(*)(.ctors)
 SORT(*)(.dtors)
 *(.init0)
 .init0         0x00000346        0x0 C:/Program Files (x86)/Atmel/Studio/7.0/Packs/atmel/ATmega_DFP/1.3.300/gcc/dev/at90usb1287/avr51/crtat90usb1287.o
                0x00000346                __init
 *(.init0)
 *(.init1)
 *(.init1)
 *(.init2)
 .init2         0x00000346        0xc C:/Program Files (x86)/Atmel/Studio/7.0/Packs/atmel/ATmega_DFP/1.3.300/gcc/dev/at90usb1287/avr51/crtat90usb1287.o
 *(.init2)
 *(.init3)
 *(.init3)
 *(.init4)
 .init4         0x00000352       0x1a c:/program files (x86)/atmel/studio/7.0/toolchain/avr8/avr8-gnu-toolchain/bin/../lib/gcc/avr/5.4.0/avr51\libgcc.a(_copy_data.o)
                0x00000352                __do_copy_data
 .init4         0x0000036c       0x10 c:/program files (x86)/atmel/studio/7.0/toolchain/avr8/avr8-gnu-toolchain/bin/../lib/gcc/avr/5.4.0/avr51\libgcc.a(_clear_bss.o)
                0x0000036c                __do_clear_bss
 *(.init4)
 *(.init5)
 *(.init5)
 *(.init6)
 *(.init6)
 *(.init7)
 *(.init7)
 *(.init8)
 *(.init8)
 *(.init9)
 .init9         0x0000037c        0x8 C:/Program Files (x86)/Atmel/Studio/7.0/Packs/atmel/ATmega_DFP/1.3.300/gcc/dev/at90usb1287/avr51/crtat90usb1287.o
 *(.init9)
 *(.text)
 .text          0x00000384        0x2 C:/Program Files (x86)/Atmel/Studio/7.0/Packs/atmel/ATmega_DFP/1.3.300/gcc/dev/at90usb1287/avr51/crtat90usb1287.o
                0x00000384                __vector_22
                0x00000384                __vector_28
                0x00000384                __vector_1
                0x00000384                __vector_32
                0x00000384                __vector_34
                0x00000384                __vector_24
                0x00000384                __vector_12
                0x00000384                __bad_interrupt
                0x00000384                __vector_6
                0x00000384                __vector_31
                0x00000384                __vector_35
                0x00000384                __vector_3
                0x00000384                __vector_23
                0x00000384                __vector_30
                0x00000384                __vector_25
                0x00000384                __vector_13
                0x00000384                __vector_19
                0x00000384                __vector_7
                0x00000384                __vector_27
                0x00000384                __vector_5
                0x00000384                __vector_33
                0x00000384                __vector_37
                0x00000384                __vector_4
                0x00000384                __vector_9
                0x00000384                __vector_2
                0x00000384                __vector_21
                0x00000384                __vector_15
                0x00000384                __vector_36
                0x00000384                __vector_29
                0x00000384                __vector_8
                0x00000384                __vector_26
                0x00000384                __vector_14
                0x00000384                __vector_16
                0x00000384                __vector_18
                0x00000384                __vector_20
                0x00000386                . = ALIGN (0x2)
 *(.text.*)
 .text.CALLBACK_USB_GetDescriptor
                0x00000386       0x9e Descriptors.o
                0x00000386                CALLBACK_USB_GetDescriptor
 .text.disk_initialize
                0x00000424        0xc Lib/diskio.o
                0x00000424                disk_initialize
 .text.disk_read
                0x00000430       0x1e Lib/diskio.o
                0x00000430                disk_read
 .text.disk_write
                0x0000044e       0x1e Lib/diskio.o
                0x0000044e                disk_write
 .text.disk_ioctl
                0x0000046c       0x10 Lib/diskio.o
                0x0000046c                disk_ioctl
 .text.disk_timerproc
                0x0000047c        0x4 Lib/diskio.o
                0x0000047c                disk_timerproc
 .text.power_off
                0x00000480        0x8 Lib/mmc_avr_spi.o
 .text.xchg_spi
                0x00000488        0xc Lib/mmc_avr_spi.o
 .text.wait_ready
                0x00000494       0x3a Lib/mmc_avr_spi.o
 .text.deselect
                0x000004ce        0x8 Lib/mmc_avr_spi.o
 .text.select   0x000004d6       0x26 Lib/mmc_avr_spi.o
 .text.rcvr_datablock
                0x000004fc       0x74 Lib/mmc_avr_spi.o
 .text.xmit_datablock
                0x00000570       0x6c Lib/mmc_avr_spi.o
 .text.send_cmd
                0x000005dc       0xac Lib/mmc_avr_spi.o
 .text.mmc_disk_initialize
                0x00000688      0x184 Lib/mmc_avr_spi.o
                0x00000688                mmc_disk_initialize
 .text.mmc_disk_read
                0x0000080c       0x94 Lib/mmc_avr_spi.o
                0x0000080c                mmc_disk_read
 .text.mmc_disk_write
                0x000008a0       0xd2 Lib/mmc_avr_spi.o
                0x000008a0                mmc_disk_write
 .text.mmc_disk_ioctl
                0x00000972      0x674 Lib/mmc_avr_spi.o
                0x00000972                mmc_disk_ioctl
 .text.mmc_disk_timerproc
                0x00000fe6       0x1e Lib/mmc_avr_spi.o
                0x00000fe6                mmc_disk_timerproc
 .text.SCSI_Command_ReadWrite_10
                0x00001004       0xac Lib/SCSI.o
 .text.SCSI_DecodeSCSICommand
                0x000010b0      0x29e Lib/SCSI.o
                0x000010b0                SCSI_DecodeSCSICommand
 .text.SDCardManager_Init
                0x0000134e       0x42 Lib/SDCardManager.o
                0x0000134e                SDCardManager_Init
 .text.SDCardManager_GetNbBlocks
                0x00001390       0x90 Lib/SDCardManager.o
                0x00001390                SDCardManager_GetNbBlocks
 .text.SDCardManager_WriteBlockHandler
                0x00001420       0x74 Lib/SDCardManager.o
                0x00001420                SDCardManager_WriteBlockHandler
 .text.SDCardManager_WriteBlocks
                0x00001494       0xe2 Lib/SDCardManager.o
                0x00001494                SDCardManager_WriteBlocks
 .text.SDCardManager_ReadBlocks
                0x00001576      0x13e Lib/SDCardManager.o
                0x00001576                SDCardManager_ReadBlocks
 .text.SDCardManager_CheckDataflashOperation
                0x000016b4        0x4 Lib/SDCardManager.o
                0x000016b4                SDCardManager_CheckDataflashOperation
 .text.__vector_17
                0x000016b8       0x62 MassStorageKeyboard.o
                0x000016b8                __vector_17
 .text.SetupHardware
                0x0000171a       0xdc MassStorageKeyboard.o
                0x0000171a                SetupHardware
 .text.main     0x000017f6       0x1e MassStorageKeyboard.o
                0x000017f6                main
 .text.EVENT_USB_Device_Connect
                0x00001814       0x1a MassStorageKeyboard.o
                0x00001814                EVENT_USB_Device_Connect
 .text.EVENT_USB_Device_Disconnect
                0x0000182e       0x1a MassStorageKeyboard.o
                0x0000182e                EVENT_USB_Device_Disconnect
 .text.EVENT_USB_Device_ConfigurationChanged
                0x00001848       0x44 MassStorageKeyboard.o
                0x00001848                EVENT_USB_Device_ConfigurationChanged
 .text.EVENT_USB_Device_ControlRequest
                0x0000188c        0xe MassStorageKeyboard.o
                0x0000188c                EVENT_USB_Device_ControlRequest
 .text.CALLBACK_MS_Device_SCSICommandReceived
                0x0000189a       0x14 MassStorageKeyboard.o
                0x0000189a                CALLBACK_MS_Device_SCSICommandReceived
 .text.EVENT_USB_Device_StartOfFrame
                0x000018ae       0x18 MassStorageKeyboard.o
                0x000018ae                EVENT_USB_Device_StartOfFrame
 .text.CALLBACK_HID_Device_CreateHIDReport
                0x000018c6       0x66 MassStorageKeyboard.o
                0x000018c6                CALLBACK_HID_Device_CreateHIDReport
 .text.CALLBACK_HID_Device_ProcessHIDReport
                0x0000192c       0x20 MassStorageKeyboard.o
                0x0000192c                CALLBACK_HID_Device_ProcessHIDReport
 .text.Serial_putchar
                0x0000194c       0x14 src/LUFA/LUFA/Drivers/Peripheral/AVR8/Serial_AVR8.o
                0x0000194c                Serial_putchar
 .text.Serial_getchar
                0x00001960       0x24 src/LUFA/LUFA/Drivers/Peripheral/AVR8/Serial_AVR8.o
                0x00001960                Serial_getchar
 .text.Serial_SendString
                0x00001984       0x2c src/LUFA/LUFA/Drivers/Peripheral/AVR8/Serial_AVR8.o
                0x00001984                Serial_SendString
 .text.Serial_CreateStream
                0x000019b0       0x38 src/LUFA/LUFA/Drivers/Peripheral/AVR8/Serial_AVR8.o
                0x000019b0                Serial_CreateStream
 .text.HID_Device_ProcessControlRequest
                0x000019e8      0x296 src/LUFA/LUFA/Drivers/USB/Class/Device/HIDClassDevice.o
                0x000019e8                HID_Device_ProcessControlRequest
 .text.HID_Device_ConfigureEndpoints
                0x00001c7e       0x28 src/LUFA/LUFA/Drivers/USB/Class/Device/HIDClassDevice.o
                0x00001c7e                HID_Device_ConfigureEndpoints
 .text.HID_Device_USBTask
                0x00001ca6      0x180 src/LUFA/LUFA/Drivers/USB/Class/Device/HIDClassDevice.o
                0x00001ca6                HID_Device_USBTask
 .text.MS_Device_ProcessControlRequest
                0x00001e26       0x7a src/LUFA/LUFA/Drivers/USB/Class/Device/MassStorageClassDevice.o
                0x00001e26                MS_Device_ProcessControlRequest
 .text.MS_Device_ConfigureEndpoints
                0x00001ea0       0x34 src/LUFA/LUFA/Drivers/USB/Class/Device/MassStorageClassDevice.o
                0x00001ea0                MS_Device_ConfigureEndpoints
 .text.MS_Device_USBTask
                0x00001ed4      0x268 src/LUFA/LUFA/Drivers/USB/Class/Device/MassStorageClassDevice.o
                0x00001ed4                MS_Device_USBTask
 .text.Endpoint_Null_Stream
                0x0000213c       0x9e src/LUFA/LUFA/Drivers/USB/Core/AVR8/EndpointStream_AVR8.o
                0x0000213c                Endpoint_Null_Stream
 .text.Endpoint_Write_Stream_LE
                0x000021da       0xb8 src/LUFA/LUFA/Drivers/USB/Core/AVR8/EndpointStream_AVR8.o
                0x000021da                Endpoint_Write_Stream_LE
 .text.Endpoint_Write_Stream_BE
                0x00002292       0xc2 src/LUFA/LUFA/Drivers/USB/Core/AVR8/EndpointStream_AVR8.o
                0x00002292                Endpoint_Write_Stream_BE
 .text.Endpoint_Read_Stream_LE
                0x00002354       0xb8 src/LUFA/LUFA/Drivers/USB/Core/AVR8/EndpointStream_AVR8.o
                0x00002354                Endpoint_Read_Stream_LE
 .text.Endpoint_Write_Control_Stream_LE
                0x0000240c       0xfe src/LUFA/LUFA/Drivers/USB/Core/AVR8/EndpointStream_AVR8.o
                0x0000240c                Endpoint_Write_Control_Stream_LE
 .text.Endpoint_Read_Control_Stream_LE
                0x0000250a       0xd2 src/LUFA/LUFA/Drivers/USB/Core/AVR8/EndpointStream_AVR8.o
                0x0000250a                Endpoint_Read_Control_Stream_LE
 .text.Endpoint_Write_Control_PStream_LE
                0x000025dc      0x100 src/LUFA/LUFA/Drivers/USB/Core/AVR8/EndpointStream_AVR8.o
                0x000025dc                Endpoint_Write_Control_PStream_LE
 .text.Endpoint_ConfigureEndpoint_Prv
                0x000026dc       0xcc src/LUFA/LUFA/Drivers/USB/Core/AVR8/Endpoint_AVR8.o
                0x000026dc                Endpoint_ConfigureEndpoint_Prv
 .text.Endpoint_ConfigureEndpointTable
                0x000027a8       0x9e src/LUFA/LUFA/Drivers/USB/Core/AVR8/Endpoint_AVR8.o
                0x000027a8                Endpoint_ConfigureEndpointTable
 .text.Endpoint_ClearStatusStage
                0x00002846       0x48 src/LUFA/LUFA/Drivers/USB/Core/AVR8/Endpoint_AVR8.o
                0x00002846                Endpoint_ClearStatusStage
 .text.Endpoint_WaitUntilReady
                0x0000288e       0x82 src/LUFA/LUFA/Drivers/USB/Core/AVR8/Endpoint_AVR8.o
                0x0000288e                Endpoint_WaitUntilReady
 .text.USB_ResetInterface
                0x00002910       0x8a src/LUFA/LUFA/Drivers/USB/Core/AVR8/USBController_AVR8.o
                0x00002910                USB_ResetInterface
 .text.USB_Init
                0x0000299a       0x1e src/LUFA/LUFA/Drivers/USB/Core/AVR8/USBController_AVR8.o
                0x0000299a                USB_Init
 .text.USB_INT_DisableAllInterrupts
                0x000029b8       0x10 src/LUFA/LUFA/Drivers/USB/Core/AVR8/USBInterrupt_AVR8.o
                0x000029b8                USB_INT_DisableAllInterrupts
 .text.USB_INT_ClearAllInterrupts
                0x000029c8        0xa src/LUFA/LUFA/Drivers/USB/Core/AVR8/USBInterrupt_AVR8.o
                0x000029c8                USB_INT_ClearAllInterrupts
 .text.__vector_10
                0x000029d2      0x198 src/LUFA/LUFA/Drivers/USB/Core/AVR8/USBInterrupt_AVR8.o
                0x000029d2                __vector_10
 .text.__vector_11
                0x00002b6a       0xa8 src/LUFA/LUFA/Drivers/USB/Core/AVR8/USBInterrupt_AVR8.o
                0x00002b6a                __vector_11
 .text.USB_Device_ProcessControlRequest
                0x00002c12      0x2f6 src/LUFA/LUFA/Drivers/USB/Core/DeviceStandardReq.o
                0x00002c12                USB_Device_ProcessControlRequest
 .text.USB_Event_Stub
                0x00002f08        0x2 src/LUFA/LUFA/Drivers/USB/Core/Events.o
                0x00002f08                USB_Event_Stub
                0x00002f08                EVENT_USB_Device_Suspend
                0x00002f08                EVENT_USB_Device_Reset
                0x00002f08                EVENT_USB_Device_WakeUp
 .text.USB_USBTask
                0x00002f0a       0x34 src/LUFA/LUFA/Drivers/USB/Core/USBTask.o
                0x00002f0a                USB_USBTask
 .text.libgcc.mul
                0x00002f3e       0x1e c:/program files (x86)/atmel/studio/7.0/toolchain/avr8/avr8-gnu-toolchain/bin/../lib/gcc/avr/5.4.0/avr51\libgcc.a(_umulhisi3.o)
                0x00002f3e                __umulhisi3
 .text.avr-libc
                0x00002f5c       0x1a c:/program files (x86)/atmel/studio/7.0/toolchain/avr8/avr8-gnu-toolchain/bin/../lib/gcc/avr/5.4.0/../../../../avr/lib/avr51\libc.a(memcmp.o)
                0x00002f5c                memcmp
 .text.avr-libc
                0x00002f76       0x12 c:/program files (x86)/atmel/studio/7.0/toolchain/avr8/avr8-gnu-toolchain/bin/../lib/gcc/avr/5.4.0/../../../../avr/lib/avr51\libc.a(memcpy.o)
                0x00002f76                memcpy
 .text.avr-libc
                0x00002f88        0xe c:/program files (x86)/atmel/studio/7.0/toolchain/avr8/avr8-gnu-toolchain/bin/../lib/gcc/avr/5.4.0/../../../../avr/lib/avr51\libc.a(memset.o)
                0x00002f88                memset
 .text.avr-libc
                0x00002f96       0x4e c:/program files (x86)/atmel/studio/7.0/toolchain/avr8/avr8-gnu-toolchain/bin/../lib/gcc/avr/5.4.0/../../../../avr/lib/avr51\libc.a(printf_p.o)
                0x00002f96                printf_P
 .text.avr-libc
                0x00002fe4       0x60 c:/program files (x86)/atmel/studio/7.0/toolchain/avr8/avr8-gnu-toolchain/bin/../lib/gcc/avr/5.4.0/../../../../avr/lib/avr51\libc.a(puts.o)
                0x00002fe4                puts
 .text.avr-libc
                0x00003044      0x3fa c:/program files (x86)/atmel/studio/7.0/toolchain/avr8/avr8-gnu-toolchain/bin/../lib/gcc/avr/5.4.0/../../../../avr/lib/avr51\libc.a(vfprintf_std.o)
                0x00003044                vfprintf
 .text.avr-libc
                0x0000343e       0x16 c:/program files (x86)/atmel/studio/7.0/toolchain/avr8/avr8-gnu-toolchain/bin/../lib/gcc/avr/5.4.0/../../../../avr/lib/avr51\libc.a(strnlen_P.o)
                0x0000343e                strnlen_P
 .text.avr-libc
                0x00003454       0x16 c:/program files (x86)/atmel/studio/7.0/toolchain/avr8/avr8-gnu-toolchain/bin/../lib/gcc/avr/5.4.0/../../../../avr/lib/avr51\libc.a(strnlen.o)
                0x00003454                strnlen
 .text.avr-libc
                0x0000346a       0x78 c:/program files (x86)/atmel/studio/7.0/toolchain/avr8/avr8-gnu-toolchain/bin/../lib/gcc/avr/5.4.0/../../../../avr/lib/avr51\libc.a(fputc.o)
                0x0000346a                fputc
 .text.avr-libc
                0x000034e2       0xbc c:/program files (x86)/atmel/studio/7.0/toolchain/avr8/avr8-gnu-toolchain/bin/../lib/gcc/avr/5.4.0/../../../../avr/lib/avr51\libc.a(ultoa_invert.o)
                0x000034e2                __ultoa_invert
                0x0000359e                . = ALIGN (0x2)
 *(.fini9)
 .fini9         0x0000359e        0x0 c:/program files (x86)/atmel/studio/7.0/toolchain/avr8/avr8-gnu-toolchain/bin/../lib/gcc/avr/5.4.0/avr51\libgcc.a(_exit.o)
                0x0000359e                _exit
                0x0000359e                exit
 *(.fini9)
 *(.fini8)
 *(.fini8)
 *(.fini7)
 *(.fini7)
 *(.fini6)
 *(.fini6)
 *(.fini5)
 *(.fini5)
 *(.fini4)
 *(.fini4)
 *(.fini3)
 *(.fini3)
 *(.fini2)
 *(.fini2)
 *(.fini1)
 *(.fini1)
 *(.fini0)
 .fini0         0x0000359e        0x4 c:/program files (x86)/atmel/studio/7.0/toolchain/avr8/avr8-gnu-toolchain/bin/../lib/gcc/avr/5.4.0/avr51\libgcc.a(_exit.o)
 *(.fini0)
                0x000035a2                _etext = .

.data           0x00800100      0x154 load address 0x000035a2
                0x00800100                PROVIDE (__data_start, .)
 *(.data)
 *(.data*)
 .data.Stat     0x00800100        0x1 Lib/mmc_avr_spi.o
 .data.SenseData
                0x00800101       0x12 Lib/SCSI.o
 .data.Keyboard_HID_Interface
                0x00800113       0x10 MassStorageKeyboard.o
                0x00800113                Keyboard_HID_Interface
 .data.Disk_MS_Interface
                0x00800123       0x39 MassStorageKeyboard.o
                0x00800123                Disk_MS_Interface
 *(.gnu.linkonce.d*)
 *(.rodata)
 *(.rodata*)
 .rodata.InquiryData
                0x0080015c       0x24 Lib/SCSI.o
 .rodata.str1.1
                0x00800180       0xd3 MassStorageKeyboard.o
 *(.gnu.linkonce.r*)
                0x00800254                . = ALIGN (0x2)
 *fill*         0x00800253        0x1 
                0x00800254                _edata = .
                0x00800254                PROVIDE (__data_end, .)

.bss            0x00800254      0x432
                0x00800254                PROVIDE (__bss_start, .)
 *(.bss)
 *(.bss*)
 .bss.CardType  0x00800254        0x1 Lib/mmc_avr_spi.o
 .bss.Timer2    0x00800255        0x1 Lib/mmc_avr_spi.o
 .bss.Timer1    0x00800256        0x1 Lib/mmc_avr_spi.o
 .bss.buff_rd.4535
                0x00800257      0x200 Lib/SDCardManager.o
 .bss.buff_to_write.4516
                0x00800457      0x200 Lib/SDCardManager.o
 .bss.CachedTotalBlocks
                0x00800657        0x4 Lib/SDCardManager.o
 .bss.PrevKeyboardHIDReportBuffer
                0x0080065b        0x8 MassStorageKeyboard.o
 *(COMMON)
 COMMON         0x00800663        0x2 MassStorageKeyboard.o
                0x00800663                Timer
 COMMON         0x00800665        0xe src/LUFA/LUFA/Drivers/Peripheral/AVR8/Serial_AVR8.o
                0x00800665                USARTSerialStream
 COMMON         0x00800673        0x3 src/LUFA/LUFA/Drivers/USB/Core/DeviceStandardReq.o
                0x00800673                USB_Device_ConfigurationNumber
                0x00800674                USB_Device_CurrentlySelfPowered
                0x00800675                USB_Device_RemoteWakeupEnabled
 COMMON         0x00800676        0xa src/LUFA/LUFA/Drivers/USB/Core/USBTask.o
                0x00800676                USB_IsInitialized
                0x00800677                USB_DeviceState
                0x00800678                USB_ControlRequest
 COMMON         0x00800680        0x6 c:/program files (x86)/atmel/studio/7.0/toolchain/avr8/avr8-gnu-toolchain/bin/../lib/gcc/avr/5.4.0/../../../../avr/lib/avr51\libc.a(iob.o)
                0x00800680                __iob
                0x00800686                PROVIDE (__bss_end, .)
                0x000035a2                __data_load_start = LOADADDR (.data)
                0x000036f6                __data_load_end = (__data_load_start + SIZEOF (.data))

.noinit         0x00800686        0x0
                [!provide]                PROVIDE (__noinit_start, .)
 *(.noinit*)
                [!provide]                PROVIDE (__noinit_end, .)
                0x00800686                _end = .
                [!provide]                PROVIDE (__heap_start, .)

.eeprom         0x00810000        0x0
 *(.eeprom*)
                0x00810000                __eeprom_end = .

.fuse
 *(.fuse)
 *(.lfuse)
 *(.hfuse)
 *(.efuse)

.lock
 *(.lock*)

.signature
 *(.signature*)

.user_signatures
 *(.user_signatures*)

.stab
 *(.stab)

.stabstr
 *(.stabstr)

.stab.excl
 *(.stab.excl)

.stab.exclstr
 *(.stab.exclstr)

.stab.index
 *(.stab.index)

.stab.indexstr
 *(.stab.indexstr)

.comment        0x00000000       0x5c
 *(.comment)
 .comment       0x00000000       0x30 Descriptors.o
                                 0x31 (size before relaxing)
 .comment       0x00000030       0x31 Lib/diskio.o
 .comment       0x00000030       0x31 Lib/mmc_avr_spi.o
 .comment       0x00000030       0x31 Lib/SCSI.o
 .comment       0x00000030       0x31 Lib/SDCardManager.o
 .comment       0x00000030       0x31 MassStorageKeyboard.o
 .comment       0x00000030       0x31 src/LUFA/LUFA/Drivers/Peripheral/AVR8/Serial_AVR8.o
 .comment       0x00000030       0x31 src/LUFA/LUFA/Drivers/USB/Class/Device/HIDClassDevice.o
 .comment       0x00000030       0x31 src/LUFA/LUFA/Drivers/USB/Class/Device/MassStorageClassDevice.o
 .comment       0x00000030       0x31 src/LUFA/LUFA/Drivers/USB/Core/AVR8/EndpointStream_AVR8.o
 .comment       0x00000030       0x31 src/LUFA/LUFA/Drivers/USB/Core/AVR8/Endpoint_AVR8.o
 .comment       0x00000030       0x31 src/LUFA/LUFA/Drivers/USB/Core/AVR8/USBController_AVR8.o
 .comment       0x00000030       0x31 src/LUFA/LUFA/Drivers/USB/Core/AVR8/USBInterrupt_AVR8.o
 .comment       0x00000030       0x31 src/LUFA/LUFA/Drivers/USB/Core/DeviceStandardReq.o
 .comment       0x00000030       0x31 src/LUFA/LUFA/Drivers/USB/Core/Events.o
 .comment       0x00000030       0x31 src/LUFA/LUFA/Drivers/USB/Core/USBTask.o
 .comment       0x00000030       0x31 c:/program files (x86)/atmel/studio/7.0/toolchain/avr8/avr8-gnu-toolchain/bin/../lib/gcc/avr/5.4.0/../../../../avr/lib/avr51\libc.a(iob.o)
 .comment       0x00000030       0x31 c:/program files (x86)/atmel/studio/7.0/toolchain/avr8/avr8-gnu-toolchain/bin/../lib/gcc/avr/5.4.0/../../../../avr/lib/avr51\libc.a(printf_p.o)
 .comment       0x00000030       0x31 c:/program files (x86)/atmel/studio/7.0/toolchain/avr8/avr8-gnu-toolchain/bin/../lib/gcc/avr/5.4.0/../../../../avr/lib/avr51\libc.a(puts.o)
 .comment       0x00000030       0x2c c:/program files (x86)/atmel/studio/7.0/toolchain/avr8/avr8-gnu-toolchain/bin/../lib/gcc/avr/5.4.0/../../../../avr/lib/avr51\libc.a(vfprintf_std.o)
                                 0x2d (size before relaxing)
 .comment       0x0000005c       0x31 c:/program files (x86)/atmel/studio/7.0/toolchain/avr8/avr8-gnu-toolchain/bin/../lib/gcc/avr/5.4.0/../../../../avr/lib/avr51\libc.a(fputc.o)

.note.gnu.avr.deviceinfo
                0x00000000       0x40
 .note.gnu.avr.deviceinfo
                0x00000000       0x40 C:/Program Files (x86)/Atmel/Studio/7.0/Packs/atmel/ATmega_DFP/1.3.300/gcc/dev/at90usb1287/avr51/crtat90usb1287.o

.note.gnu.build-id
 *(.note.gnu.build-id)

.debug
 *(.debug)

.line
 *(.line)

.debug_srcinfo
 *(.debug_srcinfo)

.debug_sfnames
 *(.debug_sfnames)

.debug_aranges  0x00000000      0x458
 *(.debug_aranges)
 .debug_aranges
                0x00000000       0x20 Descriptors.o
 .debug_aranges
                0x00000020       0x48 Lib/diskio.o
 .debug_aranges
                0x00000068       0x88 Lib/mmc_avr_spi.o
 .debug_aranges
                0x000000f0       0x28 Lib/SCSI.o
 .debug_aranges
                0x00000118       0x48 Lib/SDCardManager.o
 .debug_aranges
                0x00000160       0x70 MassStorageKeyboard.o
 .debug_aranges
                0x000001d0       0x58 src/LUFA/LUFA/Drivers/Peripheral/AVR8/Serial_AVR8.o
 .debug_aranges
                0x00000228       0x30 src/LUFA/LUFA/Drivers/USB/Class/Device/HIDClassDevice.o
 .debug_aranges
                0x00000258       0x30 src/LUFA/LUFA/Drivers/USB/Class/Device/MassStorageClassDevice.o
 .debug_aranges
                0x00000288       0xc8 src/LUFA/LUFA/Drivers/USB/Core/AVR8/EndpointStream_AVR8.o
 .debug_aranges
                0x00000350       0x40 src/LUFA/LUFA/Drivers/USB/Core/AVR8/Endpoint_AVR8.o
 .debug_aranges
                0x00000390       0x30 src/LUFA/LUFA/Drivers/USB/Core/AVR8/USBController_AVR8.o
 .debug_aranges
                0x000003c0       0x38 src/LUFA/LUFA/Drivers/USB/Core/AVR8/USBInterrupt_AVR8.o
 .debug_aranges
                0x000003f8       0x20 src/LUFA/LUFA/Drivers/USB/Core/DeviceStandardReq.o
 .debug_aranges
                0x00000418       0x20 src/LUFA/LUFA/Drivers/USB/Core/Events.o
 .debug_aranges
                0x00000438       0x20 src/LUFA/LUFA/Drivers/USB/Core/USBTask.o

.debug_pubnames
 *(.debug_pubnames)

.debug_info     0x00000000     0x9782
 *(.debug_info .gnu.linkonce.wi.*)
 .debug_info    0x00000000      0xb70 C:/Program Files (x86)/Atmel/Studio/7.0/Packs/atmel/ATmega_DFP/1.3.300/gcc/dev/at90usb1287/avr51/crtat90usb1287.o
 .debug_info    0x00000b70      0x763 Descriptors.o
 .debug_info    0x000012d3      0x340 Lib/diskio.o
 .debug_info    0x00001613      0xfa4 Lib/mmc_avr_spi.o
 .debug_info    0x000025b7      0xc1b Lib/SCSI.o
 .debug_info    0x000031d2      0xa38 Lib/SDCardManager.o
 .debug_info    0x00003c0a      0xc58 MassStorageKeyboard.o
 .debug_info    0x00004862      0x4b0 src/LUFA/LUFA/Drivers/Peripheral/AVR8/Serial_AVR8.o
 .debug_info    0x00004d12      0x94b src/LUFA/LUFA/Drivers/USB/Class/Device/HIDClassDevice.o
 .debug_info    0x0000565d      0x90c src/LUFA/LUFA/Drivers/USB/Class/Device/MassStorageClassDevice.o
 .debug_info    0x00005f69     0x17b5 src/LUFA/LUFA/Drivers/USB/Core/AVR8/EndpointStream_AVR8.o
 .debug_info    0x0000771e      0x61c src/LUFA/LUFA/Drivers/USB/Core/AVR8/Endpoint_AVR8.o
 .debug_info    0x00007d3a      0x4ea src/LUFA/LUFA/Drivers/USB/Core/AVR8/USBController_AVR8.o
 .debug_info    0x00008224      0x7eb src/LUFA/LUFA/Drivers/USB/Core/AVR8/USBInterrupt_AVR8.o
 .debug_info    0x00008a0f      0xa81 src/LUFA/LUFA/Drivers/USB/Core/DeviceStandardReq.o
 .debug_info    0x00009490       0x7c src/LUFA/LUFA/Drivers/USB/Core/Events.o
 .debug_info    0x0000950c      0x276 src/LUFA/LUFA/Drivers/USB/Core/USBTask.o

.debug_abbrev   0x00000000     0x2b1a
 *(.debug_abbrev)
 .debug_abbrev  0x00000000      0xad2 C:/Program Files (x86)/Atmel/Studio/7.0/Packs/atmel/ATmega_DFP/1.3.300/gcc/dev/at90usb1287/avr51/crtat90usb1287.o
 .debug_abbrev  0x00000ad2      0x16d Descriptors.o
 .debug_abbrev  0x00000c3f      0x10f Lib/diskio.o
 .debug_abbrev  0x00000d4e      0x287 Lib/mmc_avr_spi.o
 .debug_abbrev  0x00000fd5      0x2b8 Lib/SCSI.o
 .debug_abbrev  0x0000128d      0x285 Lib/SDCardManager.o
 .debug_abbrev  0x00001512      0x361 MassStorageKeyboard.o
 .debug_abbrev  0x00001873      0x211 src/LUFA/LUFA/Drivers/Peripheral/AVR8/Serial_AVR8.o
 .debug_abbrev  0x00001a84      0x216 src/LUFA/LUFA/Drivers/USB/Class/Device/HIDClassDevice.o
 .debug_abbrev  0x00001c9a      0x25c src/LUFA/LUFA/Drivers/USB/Class/Device/MassStorageClassDevice.o
 .debug_abbrev  0x00001ef6      0x1ed src/LUFA/LUFA/Drivers/USB/Core/AVR8/EndpointStream_AVR8.o
 .debug_abbrev  0x000020e3      0x236 src/LUFA/LUFA/Drivers/USB/Core/AVR8/Endpoint_AVR8.o
 .debug_abbrev  0x00002319      0x186 src/LUFA/LUFA/Drivers/USB/Core/AVR8/USBController_AVR8.o
 .debug_abbrev  0x0000249f      0x216 src/LUFA/LUFA/Drivers/USB/Core/AVR8/USBInterrupt_AVR8.o
 .debug_abbrev  0x000026b5      0x2b0 src/LUFA/LUFA/Drivers/USB/Core/DeviceStandardReq.o
 .debug_abbrev  0x00002965       0x47 src/LUFA/LUFA/Drivers/USB/Core/Events.o
 .debug_abbrev  0x000029ac      0x16e src/LUFA/LUFA/Drivers/USB/Core/USBTask.o

.debug_line     0x00000000     0xd294
 *(.debug_line .debug_line.* .debug_line_end)
 .debug_line    0x00000000      0x17b C:/Program Files (x86)/Atmel/Studio/7.0/Packs/atmel/ATmega_DFP/1.3.300/gcc/dev/at90usb1287/avr51/crtat90usb1287.o
 .debug_line    0x0000017b      0xcfb Descriptors.o
 .debug_line    0x00000e76      0x135 Lib/diskio.o
 .debug_line    0x00000fab      0xaee Lib/mmc_avr_spi.o
 .debug_line    0x00001a99     0x110b Lib/SCSI.o
 .debug_line    0x00002ba4     0x1415 Lib/SDCardManager.o
 .debug_line    0x00003fb9     0x131a MassStorageKeyboard.o
 .debug_line    0x000052d3      0x7ae src/LUFA/LUFA/Drivers/Peripheral/AVR8/Serial_AVR8.o
 .debug_line    0x00005a81     0x111c src/LUFA/LUFA/Drivers/USB/Class/Device/HIDClassDevice.o
 .debug_line    0x00006b9d     0x10c2 src/LUFA/LUFA/Drivers/USB/Class/Device/MassStorageClassDevice.o
 .debug_line    0x00007c5f     0x1e6a src/LUFA/LUFA/Drivers/USB/Core/AVR8/EndpointStream_AVR8.o
 .debug_line    0x00009ac9      0xc60 src/LUFA/LUFA/Drivers/USB/Core/AVR8/Endpoint_AVR8.o
 .debug_line    0x0000a729      0x8da src/LUFA/LUFA/Drivers/USB/Core/AVR8/USBController_AVR8.o
 .debug_line    0x0000b003      0xb76 src/LUFA/LUFA/Drivers/USB/Core/AVR8/USBInterrupt_AVR8.o
 .debug_line    0x0000bb79      0xaa3 src/LUFA/LUFA/Drivers/USB/Core/DeviceStandardReq.o
 .debug_line    0x0000c61c      0x47c src/LUFA/LUFA/Drivers/USB/Core/Events.o
 .debug_line    0x0000ca98      0x7fc src/LUFA/LUFA/Drivers/USB/Core/USBTask.o

.debug_frame    0x00000000     0x10c4
 *(.debug_frame)
 .debug_frame   0x00000000       0x24 Descriptors.o
 .debug_frame   0x00000024       0x8c Lib/diskio.o
 .debug_frame   0x000000b0      0x1f8 Lib/mmc_avr_spi.o
 .debug_frame   0x000002a8       0x94 Lib/SCSI.o
 .debug_frame   0x0000033c      0x188 Lib/SDCardManager.o
 .debug_frame   0x000004c4      0x14c MassStorageKeyboard.o
 .debug_frame   0x00000610       0xb8 src/LUFA/LUFA/Drivers/Peripheral/AVR8/Serial_AVR8.o
 .debug_frame   0x000006c8       0xf4 src/LUFA/LUFA/Drivers/USB/Class/Device/HIDClassDevice.o
 .debug_frame   0x000007bc       0x80 src/LUFA/LUFA/Drivers/USB/Class/Device/MassStorageClassDevice.o
 .debug_frame   0x0000083c      0x5c4 src/LUFA/LUFA/Drivers/USB/Core/AVR8/EndpointStream_AVR8.o
 .debug_frame   0x00000e00       0xdc src/LUFA/LUFA/Drivers/USB/Core/AVR8/Endpoint_AVR8.o
 .debug_frame   0x00000edc       0x58 src/LUFA/LUFA/Drivers/USB/Core/AVR8/USBController_AVR8.o
 .debug_frame   0x00000f34      0x100 src/LUFA/LUFA/Drivers/USB/Core/AVR8/USBInterrupt_AVR8.o
 .debug_frame   0x00001034       0x40 src/LUFA/LUFA/Drivers/USB/Core/DeviceStandardReq.o
 .debug_frame   0x00001074       0x24 src/LUFA/LUFA/Drivers/USB/Core/Events.o
 .debug_frame   0x00001098       0x2c src/LUFA/LUFA/Drivers/USB/Core/USBTask.o

.debug_str      0x00000000    0x18bfa
 *(.debug_str)
 .debug_str     0x00000000      0x3f7 C:/Program Files (x86)/Atmel/Studio/7.0/Packs/atmel/ATmega_DFP/1.3.300/gcc/dev/at90usb1287/avr51/crtat90usb1287.o
 .debug_str     0x000003f7    0x148e8 Descriptors.o
                              0x14c79 (size before relaxing)
 .debug_str     0x00014cdf      0x31a Lib/diskio.o
                               0x2fc8 (size before relaxing)
 .debug_str     0x00014ff9      0x2c4 Lib/mmc_avr_spi.o
                               0x7cfe (size before relaxing)
 .debug_str     0x000152bd     0x16cc Lib/SCSI.o
                              0x15ba2 (size before relaxing)
 .debug_str     0x00016989      0x245 Lib/SDCardManager.o
                              0x15ccf (size before relaxing)
 .debug_str     0x00016bce      0x593 MassStorageKeyboard.o
                              0x16009 (size before relaxing)
 .debug_str     0x00017161      0x198 src/LUFA/LUFA/Drivers/Peripheral/AVR8/Serial_AVR8.o
                               0xe566 (size before relaxing)
 .debug_str     0x000172f9      0x315 src/LUFA/LUFA/Drivers/USB/Class/Device/HIDClassDevice.o
                              0x148d9 (size before relaxing)
 .debug_str     0x0001760e      0x2c4 src/LUFA/LUFA/Drivers/USB/Class/Device/MassStorageClassDevice.o
                              0x149e2 (size before relaxing)
 .debug_str     0x000178d2      0x8ab src/LUFA/LUFA/Drivers/USB/Core/AVR8/EndpointStream_AVR8.o
                               0xef93 (size before relaxing)
 .debug_str     0x0001817d      0x25d src/LUFA/LUFA/Drivers/USB/Core/AVR8/Endpoint_AVR8.o
                               0xe642 (size before relaxing)
 .debug_str     0x000183da      0x222 src/LUFA/LUFA/Drivers/USB/Core/AVR8/USBController_AVR8.o
                               0xe5a2 (size before relaxing)
 .debug_str     0x000185fc      0x178 src/LUFA/LUFA/Drivers/USB/Core/AVR8/USBInterrupt_AVR8.o
                               0xe600 (size before relaxing)
 .debug_str     0x00018774      0x3d1 src/LUFA/LUFA/Drivers/USB/Core/DeviceStandardReq.o
                               0xea13 (size before relaxing)
 .debug_str     0x00018b45       0x53 src/LUFA/LUFA/Drivers/USB/Core/Events.o
                               0xd7d4 (size before relaxing)
 .debug_str     0x00018b98       0x62 src/LUFA/LUFA/Drivers/USB/Core/USBTask.o
                               0xe3c1 (size before relaxing)

.debug_loc      0x00000000     0x6a17
 *(.debug_loc)
 .debug_loc     0x00000000      0x2d3 Descriptors.o
 .debug_loc     0x000002d3      0x38d Lib/diskio.o
 .debug_loc     0x00000660     0x1372 Lib/mmc_avr_spi.o
 .debug_loc     0x000019d2      0x3fd Lib/SCSI.o
 .debug_loc     0x00001dcf      0x6cf Lib/SDCardManager.o
 .debug_loc     0x0000249e      0x453 MassStorageKeyboard.o
 .debug_loc     0x000028f1      0x29b src/LUFA/LUFA/Drivers/Peripheral/AVR8/Serial_AVR8.o
 .debug_loc     0x00002b8c      0x478 src/LUFA/LUFA/Drivers/USB/Class/Device/HIDClassDevice.o
 .debug_loc     0x00003004      0x2c1 src/LUFA/LUFA/Drivers/USB/Class/Device/MassStorageClassDevice.o
 .debug_loc     0x000032c5     0x2923 src/LUFA/LUFA/Drivers/USB/Core/AVR8/EndpointStream_AVR8.o
 .debug_loc     0x00005be8      0x593 src/LUFA/LUFA/Drivers/USB/Core/AVR8/Endpoint_AVR8.o
 .debug_loc     0x0000617b       0xd5 src/LUFA/LUFA/Drivers/USB/Core/AVR8/USBController_AVR8.o
 .debug_loc     0x00006250      0x428 src/LUFA/LUFA/Drivers/USB/Core/AVR8/USBInterrupt_AVR8.o
 .debug_loc     0x00006678      0x356 src/LUFA/LUFA/Drivers/USB/Core/DeviceStandardReq.o
 .debug_loc     0x000069ce       0x49 src/LUFA/LUFA/Drivers/USB/Core/USBTask.o

.debug_macinfo
 *(.debug_macinfo)

.debug_weaknames
 *(.debug_weaknames)

.debug_funcnames
 *(.debug_funcnames)

.debug_typenames
 *(.debug_typenames)

.debug_varnames
 *(.debug_varnames)

.debug_pubtypes
 *(.debug_pubtypes)

.debug_ranges   0x00000000      0xe78
 *(.debug_ranges)
 .debug_ranges  0x00000000       0x10 Descriptors.o
 .debug_ranges  0x00000010       0x38 Lib/diskio.o
 .debug_ranges  0x00000048       0x78 Lib/mmc_avr_spi.o
 .debug_ranges  0x000000c0       0x18 Lib/SCSI.o
 .debug_ranges  0x000000d8       0x80 Lib/SDCardManager.o
 .debug_ranges  0x00000158       0x60 MassStorageKeyboard.o
 .debug_ranges  0x000001b8       0xd8 src/LUFA/LUFA/Drivers/Peripheral/AVR8/Serial_AVR8.o
 .debug_ranges  0x00000290       0x20 src/LUFA/LUFA/Drivers/USB/Class/Device/HIDClassDevice.o
 .debug_ranges  0x000002b0       0x50 src/LUFA/LUFA/Drivers/USB/Class/Device/MassStorageClassDevice.o
 .debug_ranges  0x00000300      0x928 src/LUFA/LUFA/Drivers/USB/Core/AVR8/EndpointStream_AVR8.o
 .debug_ranges  0x00000c28      0x190 src/LUFA/LUFA/Drivers/USB/Core/AVR8/Endpoint_AVR8.o
 .debug_ranges  0x00000db8       0x20 src/LUFA/LUFA/Drivers/USB/Core/AVR8/USBController_AVR8.o
 .debug_ranges  0x00000dd8       0x28 src/LUFA/LUFA/Drivers/USB/Core/AVR8/USBInterrupt_AVR8.o
 .debug_ranges  0x00000e00       0x58 src/LUFA/LUFA/Drivers/USB/Core/DeviceStandardReq.o
 .debug_ranges  0x00000e58       0x10 src/LUFA/LUFA/Drivers/USB/Core/Events.o
 .debug_ranges  0x00000e68       0x10 src/LUFA/LUFA/Drivers/USB/Core/USBTask.o

.debug_macro    0x00000000     0x8b45
 *(.debug_macro)
 .debug_macro   0x00000000      0x442 Descriptors.o
 .debug_macro   0x00000442      0xa84 Descriptors.o
 .debug_macro   0x00000ec6       0x10 Descriptors.o
 .debug_macro   0x00000ed6      0x1c9 Descriptors.o
 .debug_macro   0x0000109f      0x2fc Descriptors.o
 .debug_macro   0x0000139b       0x89 Descriptors.o
 .debug_macro   0x00001424       0xaa Descriptors.o
 .debug_macro   0x000014ce     0x1a6e Descriptors.o
 .debug_macro   0x00002f3c      0x1e0 Descriptors.o
 .debug_macro   0x0000311c       0xcb Descriptors.o
 .debug_macro   0x000031e7       0x34 Descriptors.o
 .debug_macro   0x0000321b       0x18 Descriptors.o
 .debug_macro   0x00003233       0x6c Descriptors.o
 .debug_macro   0x0000329f      0x181 Descriptors.o
 .debug_macro   0x00003420       0x12 Descriptors.o
 .debug_macro   0x00003432       0x10 Descriptors.o
 .debug_macro   0x00003442       0x22 Descriptors.o
 .debug_macro   0x00003464       0x16 Descriptors.o
 .debug_macro   0x0000347a       0x20 Descriptors.o
 .debug_macro   0x0000349a       0xf6 Descriptors.o
 .debug_macro   0x00003590       0x22 Descriptors.o
 .debug_macro   0x000035b2      0x1a7 Descriptors.o
 .debug_macro   0x00003759       0x2f Descriptors.o
 .debug_macro   0x00003788       0x1c Descriptors.o
 .debug_macro   0x000037a4       0x68 Descriptors.o
 .debug_macro   0x0000380c       0x2e Descriptors.o
 .debug_macro   0x0000383a       0x69 Descriptors.o
 .debug_macro   0x000038a3       0x33 Descriptors.o
 .debug_macro   0x000038d6      0x10c Descriptors.o
 .debug_macro   0x000039e2      0x160 Descriptors.o
 .debug_macro   0x00003b42      0x160 Descriptors.o
 .debug_macro   0x00003ca2       0x10 Descriptors.o
 .debug_macro   0x00003cb2       0x1c Descriptors.o
 .debug_macro   0x00003cce       0x86 Descriptors.o
 .debug_macro   0x00003d54       0x3c Descriptors.o
 .debug_macro   0x00003d90       0x20 Descriptors.o
 .debug_macro   0x00003db0       0x4d Descriptors.o
 .debug_macro   0x00003dfd       0x73 Descriptors.o
 .debug_macro   0x00003e70       0x16 Descriptors.o
 .debug_macro   0x00003e86       0x12 Descriptors.o
 .debug_macro   0x00003e98       0x22 Descriptors.o
 .debug_macro   0x00003eba       0x64 Descriptors.o
 .debug_macro   0x00003f1e       0x41 Descriptors.o
 .debug_macro   0x00003f5f       0x10 Descriptors.o
 .debug_macro   0x00003f6f       0x1c Descriptors.o
 .debug_macro   0x00003f8b       0x16 Descriptors.o
 .debug_macro   0x00003fa1       0x16 Descriptors.o
 .debug_macro   0x00003fb7      0x12c Descriptors.o
 .debug_macro   0x000040e3       0x16 Descriptors.o
 .debug_macro   0x000040f9       0x46 Descriptors.o
 .debug_macro   0x0000413f       0x58 Descriptors.o
 .debug_macro   0x00004197       0x10 Descriptors.o
 .debug_macro   0x000041a7       0x35 Descriptors.o
 .debug_macro   0x000041dc       0xf2 Descriptors.o
 .debug_macro   0x000042ce       0x16 Descriptors.o
 .debug_macro   0x000042e4      0x154 Descriptors.o
 .debug_macro   0x00004438       0x2a Descriptors.o
 .debug_macro   0x00004462      0x6ce Descriptors.o
 .debug_macro   0x00004b30       0x16 Descriptors.o
 .debug_macro   0x00004b46      0x132 Descriptors.o
 .debug_macro   0x00004c78       0x16 Descriptors.o
 .debug_macro   0x00004c8e       0x10 Descriptors.o
 .debug_macro   0x00004c9e       0x6c Descriptors.o
 .debug_macro   0x00004d0a       0x16 Descriptors.o
 .debug_macro   0x00004d20       0x1c Descriptors.o
 .debug_macro   0x00004d3c       0x16 Descriptors.o
 .debug_macro   0x00004d52       0x10 Descriptors.o
 .debug_macro   0x00004d62      0x1be Descriptors.o
 .debug_macro   0x00004f20       0x16 Descriptors.o
 .debug_macro   0x00004f36       0x16 Descriptors.o
 .debug_macro   0x00004f4c       0x22 Descriptors.o
 .debug_macro   0x00004f6e       0x33 Lib/diskio.o
 .debug_macro   0x00004fa1       0x22 Lib/diskio.o
 .debug_macro   0x00004fc3       0xbf Lib/diskio.o
 .debug_macro   0x00005082      0x169 Lib/mmc_avr_spi.o
 .debug_macro   0x000051eb       0x10 Lib/mmc_avr_spi.o
 .debug_macro   0x000051fb       0x9e Lib/mmc_avr_spi.o
 .debug_macro   0x00005299      0x513 Lib/SCSI.o
 .debug_macro   0x000057ac       0x68 Lib/SCSI.o
 .debug_macro   0x00005814       0x9d Lib/SCSI.o
 .debug_macro   0x000058b1       0x10 Lib/SCSI.o
 .debug_macro   0x000058c1       0x34 Lib/SCSI.o
 .debug_macro   0x000058f5       0x10 Lib/SCSI.o
 .debug_macro   0x00005905       0x10 Lib/SCSI.o
 .debug_macro   0x00005915       0x10 Lib/SCSI.o
 .debug_macro   0x00005925       0x2e Lib/SCSI.o
 .debug_macro   0x00005953       0x10 Lib/SCSI.o
 .debug_macro   0x00005963      0x10e Lib/SCSI.o
 .debug_macro   0x00005a71       0x10 Lib/SCSI.o
 .debug_macro   0x00005a81       0x22 Lib/SCSI.o
 .debug_macro   0x00005aa3       0x10 Lib/SCSI.o
 .debug_macro   0x00005ab3       0x22 Lib/SCSI.o
 .debug_macro   0x00005ad5      0x540 Lib/SDCardManager.o
 .debug_macro   0x00006015       0x97 Lib/SDCardManager.o
 .debug_macro   0x000060ac       0x16 Lib/SDCardManager.o
 .debug_macro   0x000060c2       0x12 Lib/SDCardManager.o
 .debug_macro   0x000060d4      0x175 Lib/SDCardManager.o
 .debug_macro   0x00006249      0x53a MassStorageKeyboard.o
 .debug_macro   0x00006783      0x1b8 src/LUFA/LUFA/Drivers/Peripheral/AVR8/Serial_AVR8.o
 .debug_macro   0x0000693b       0x36 src/LUFA/LUFA/Drivers/Peripheral/AVR8/Serial_AVR8.o
 .debug_macro   0x00006971      0x302 src/LUFA/LUFA/Drivers/Peripheral/AVR8/Serial_AVR8.o
 .debug_macro   0x00006c73      0x446 src/LUFA/LUFA/Drivers/USB/Class/Device/HIDClassDevice.o
 .debug_macro   0x000070b9      0x44c src/LUFA/LUFA/Drivers/USB/Class/Device/MassStorageClassDevice.o
 .debug_macro   0x00007505      0x12c src/LUFA/LUFA/Drivers/USB/Class/Device/MassStorageClassDevice.o
 .debug_macro   0x00007631      0x60e src/LUFA/LUFA/Drivers/USB/Core/AVR8/EndpointStream_AVR8.o
 .debug_macro   0x00007c3f       0x28 src/LUFA/LUFA/Drivers/USB/Core/AVR8/EndpointStream_AVR8.o
 .debug_macro   0x00007c67       0x1c src/LUFA/LUFA/Drivers/USB/Core/AVR8/EndpointStream_AVR8.o
 .debug_macro   0x00007c83       0x1c src/LUFA/LUFA/Drivers/USB/Core/AVR8/EndpointStream_AVR8.o
 .debug_macro   0x00007c9f      0x2a5 src/LUFA/LUFA/Drivers/USB/Core/AVR8/Endpoint_AVR8.o
 .debug_macro   0x00007f44       0x10 src/LUFA/LUFA/Drivers/USB/Core/AVR8/Endpoint_AVR8.o
 .debug_macro   0x00007f54      0x277 src/LUFA/LUFA/Drivers/USB/Core/AVR8/USBController_AVR8.o
 .debug_macro   0x000081cb       0x79 src/LUFA/LUFA/Drivers/USB/Core/AVR8/USBController_AVR8.o
 .debug_macro   0x00008244      0x27f src/LUFA/LUFA/Drivers/USB/Core/AVR8/USBInterrupt_AVR8.o
 .debug_macro   0x000084c3      0x27d src/LUFA/LUFA/Drivers/USB/Core/DeviceStandardReq.o
 .debug_macro   0x00008740      0x182 src/LUFA/LUFA/Drivers/USB/Core/Events.o
 .debug_macro   0x000088c2      0x283 src/LUFA/LUFA/Drivers/USB/Core/USBTask.o
OUTPUT(mass_storagesd_keyboard_atmel.elf elf32-avr)
LOAD linker stubs
